[
  {
    "@timestamp": "2018-01-10T21:28:41.392Z",
    "record_type": "syscall",
    "sequence": 106081,
    "raw_msg": "audit(1515619721.392:106081): arch=c000003e syscall=59 success=yes exit=0 a0=55df1048ec88 a1=55df1048ec38 a2=55df1048ec58 a3=1 items=2 ppid=27851 pid=27854 auid=4294967295 uid=0 gid=0 euid=0 suid=0 fsuid=0 egid=0 sgid=0 fsgid=0 tty=(none) ses=4294967295 comm=\"grep\" exe=\"/bin/grep\" key=65786563013634626974\"",
    "keys": [
      "exec",
      "64bit"
    ],
    "data": {
      "a0": "55df1048ec88",
      "a1": "55df1048ec38",
      "a2": "55df1048ec58",
      "a3": "1",
      "arch": "x86_64",
      "auid": "unset",
      "comm": "grep",
      "egid": "0",
      "euid": "0",
      "exe": "/bin/grep",
      "exit": "0",
      "fsgid": "0",
      "fsuid": "0",
      "gid": "0",
      "items": "2",
      "pid": "27854",
      "ppid": "27851",
      "result": "success",
      "ses": "unset",
      "sgid": "0",
      "suid": "0",
      "syscall": "execve",
      "tty": "(none)",
      "uid": "0"
    }
  }
]
