[
  {
    "@timestamp": "2007-01-28T21:58:13.977Z",
    "record_type": "avc",
    "sequence": 293,
    "raw_msg": "audit(1170021493.977:293): avc:  denied  { read } for  pid=13010 comm=\"pickup\" name=\"maildrop\" dev=hda7 ino=14911367 scontext=system_u:system_r:postfix_pickup_t:s0 tcontext=system_u:object_r:postfix_spool_maildrop_t:s0 tclass=dir",
    "data": {
      "comm": "pickup",
      "dev": "hda7",
      "ino": "14911367",
      "name": "maildrop",
      "pid": "13010",
      "scontext": "system_u:system_r:postfix_pickup_t:s0",
      "seperms": "read",
      "seresult": "denied",
      "tclass": "dir",
      "tcontext": "system_u:object_r:postfix_spool_maildrop_t:s0"
    }
  },
  {
    "@timestamp": "2007-01-28T21:58:13.977Z",
    "record_type": "syscall",
    "sequence": 293,
    "raw_msg": "audit(1170021493.977:293): arch=c000003e syscall=2 success=no exit=-13 a0=5555665d91b0 a1=10800 a2=5555665d91b8 a3=0 items=1 ppid=2013 pid=13010 auid=4294967295 uid=890 gid=890 euid=890 suid=890 fsuid=890 egid=890 sgid=890 fsgid=890 tty=(none) comm=\"pickup\" exe=\"/usr/libexec/postfix/pickup\" subj=system_u:system_r:postfix_pickup_t:s0 key=(null)",
    "data": {
      "a0": "5555665d91b0",
      "a1": "10800",
      "a2": "5555665d91b8",
      "a3": "0",
      "arch": "x86_64",
      "auid": "unset",
      "comm": "pickup",
      "egid": "890",
      "euid": "890",
      "exe": "/usr/libexec/postfix/pickup",
      "exit": "EACCES",
      "fsgid": "890",
      "fsuid": "890",
      "gid": "890",
      "items": "1",
      "pid": "13010",
      "ppid": "2013",
      "result": "fail",
      "sgid": "890",
      "subj_domain": "postfix_pickup_t",
      "subj_level": "s0",
      "subj_role": "system_r",
      "subj_user": "system_u",
      "suid": "890",
      "syscall": "open",
      "tty": "(none)",
      "uid": "890"
    }
  },
  {
    "@timestamp": "2007-01-28T21:58:13.977Z",
    "record_type": "cwd",
    "sequence": 293,
    "raw_msg": "audit(1170021493.977:293):  cwd=\"/var/spool/postfix\"",
    "data": {
      "cwd": "/var/spool/postfix"
    }
  },
  {
    "@timestamp": "2007-01-28T21:58:13.977Z",
    "record_type": "path",
    "sequence": 293,
    "raw_msg": "audit(1170021493.977:293): item=0 name=\"maildrop\" inode=14911367 dev=03:07 mode=040730 ouid=890 ogid=891 rdev=00:00 obj=system_u:object_r:postfix_spool_maildrop_t:s0",
    "data": {
      "dev": "03:07",
      "inode": "14911367",
      "item": "0",
      "mode": "040730",
      "name": "maildrop",
      "obj_domain": "postfix_spool_maildrop_t",
      "obj_level": "s0",
      "obj_role": "object_r",
      "obj_user": "system_u",
      "ogid": "891",
      "ouid": "890",
      "rdev": "00:00"
    }
  },
  {
    "@timestamp": "2007-01-28T22:00:01.34Z",
    "record_type": "user_acct",
    "sequence": 294,
    "raw_msg": "audit(1170021601.340:294): user pid=13015 uid=0 auid=4294967295 subj=system_u:system_r:crond_t:s0-s0:c0.c1023 msg='PAM: accounting acct=root : exe=\"/usr/sbin/crond\" hostname=? addr=? terminal=cron res=success'",
    "data": {
      "acct": "root",
      "auid": "unset",
      "exe": "/usr/sbin/crond",
      "pid": "13015",
      "result": "success",
      "subj_category": "c0.c1023",
      "subj_domain": "crond_t",
      "subj_level": "s0-s0",
      "subj_role": "system_r",
      "subj_user": "system_u",
      "terminal": "cron",
      "uid": "0"
    }
  },
  {
    "@timestamp": "2007-01-28T22:00:01.342Z",
    "record_type": "cred_acq",
    "sequence": 295,
    "raw_msg": "audit(1170021601.342:295): user pid=13015 uid=0 auid=4294967295 subj=system_u:system_r:crond_t:s0-s0:c0.c1023 msg='PAM: setcred acct=root : exe=\"/usr/sbin/crond\" hostname=? addr=? terminal=cron res=success'",
    "data": {
      "acct": "root",
      "auid": "unset",
      "exe": "/usr/sbin/crond",
      "pid": "13015",
      "result": "success",
      "subj_category": "c0.c1023",
      "subj_domain": "crond_t",
      "subj_level": "s0-s0",
      "subj_role": "system_r",
      "subj_user": "system_u",
      "terminal": "cron",
      "uid": "0"
    }
  },
  {
    "@timestamp": "2007-01-28T22:00:01.343Z",
    "record_type": "login",
    "sequence": 296,
    "raw_msg": "audit(1170021601.343:296): login pid=13015 uid=0 old auid=4294967295 new auid=0",
    "data": {
      "new_auid": "0",
      "old_auid": "4294967295",
      "pid": "13015",
      "uid": "0"
    }
  },
  {
    "@timestamp": "2007-01-28T22:00:01.344Z",
    "record_type": "user_start",
    "sequence": 297,
    "raw_msg": "audit(1170021601.344:297): user pid=13015 uid=0 auid=0 subj=system_u:system_r:crond_t:s0-s0:c0.c1023 msg='PAM: session open acct=root : exe=\"/usr/sbin/crond\" (hostname=?, addr=?, terminal=cron res=success)'",
    "data": {
      "acct": "root",
      "auid": "0",
      "exe": "/usr/sbin/crond",
      "pid": "13015",
      "result": "success",
      "subj_category": "c0.c1023",
      "subj_domain": "crond_t",
      "subj_level": "s0-s0",
      "subj_role": "system_r",
      "subj_user": "system_u",
      "terminal": "cron",
      "uid": "0"
    }
  },
  {
    "@timestamp": "2007-01-28T22:00:01.364Z",
    "record_type": "cred_disp",
    "sequence": 298,
    "raw_msg": "audit(1170021601.364:298): user pid=13015 uid=0 auid=0 subj=system_u:system_r:crond_t:s0-s0:c0.c1023 msg='PAM: setcred acct=root : exe=\"/usr/sbin/crond\" (hostname=?, addr=?, terminal=cron res=success)'",
    "data": {
      "acct": "root",
      "auid": "0",
      "exe": "/usr/sbin/crond",
      "pid": "13015",
      "result": "success",
      "subj_category": "c0.c1023",
      "subj_domain": "crond_t",
      "subj_level": "s0-s0",
      "subj_role": "system_r",
      "subj_user": "system_u",
      "terminal": "cron",
      "uid": "0"
    }
  },
  {
    "@timestamp": "2007-01-28T22:00:01.366Z",
    "record_type": "user_end",
    "sequence": 299,
    "raw_msg": "audit(1170021601.366:299): user pid=13015 uid=0 auid=0 subj=system_u:system_r:crond_t:s0-s0:c0.c1023 msg='PAM: session close acct=root : exe=\"/usr/sbin/crond\" (hostname=?, addr=?, terminal=cron res=success)'",
    "data": {
      "acct": "root",
      "auid": "0",
      "exe": "/usr/sbin/crond",
      "pid": "13015",
      "result": "success",
      "subj_category": "c0.c1023",
      "subj_domain": "crond_t",
      "subj_level": "s0-s0",
      "subj_role": "system_r",
      "subj_user": "system_u",
      "terminal": "cron",
      "uid": "0"
    }
  }
]
