[
  {
    "@timestamp": "2007-01-28 21:58:13.977 +0000 UTC",
    "comm": "pickup",
    "dev": "hda7",
    "ino": "14911367",
    "name": "maildrop",
    "pid": "13010",
    "raw_msg": "audit(1170021493.977:293): avc:  denied  { read } for  pid=13010 comm=\"pickup\" name=\"maildrop\" dev=hda7 ino=14911367 scontext=system_u:system_r:postfix_pickup_t:s0 tcontext=system_u:object_r:postfix_spool_maildrop_t:s0 tclass=dir",
    "record_type": "AVC",
    "scontext": "system_u:system_r:postfix_pickup_t:s0",
    "seperms": "read",
    "sequence": "293",
    "seresult": "denied",
    "tclass": "dir",
    "tcontext": "system_u:object_r:postfix_spool_maildrop_t:s0"
  },
  {
    "@timestamp": "2007-01-28 21:58:13.977 +0000 UTC",
    "a0": "5555665d91b0",
    "a1": "10800",
    "a2": "5555665d91b8",
    "a3": "0",
    "arch": "x86_64",
    "auid": "4294967295",
    "comm": "pickup",
    "egid": "890",
    "euid": "890",
    "exe": "/usr/libexec/postfix/pickup",
    "exit": "-13",
    "fsgid": "890",
    "fsuid": "890",
    "gid": "890",
    "items": "1",
    "pid": "13010",
    "ppid": "2013",
    "raw_msg": "audit(1170021493.977:293): arch=c000003e syscall=2 success=no exit=-13 a0=5555665d91b0 a1=10800 a2=5555665d91b8 a3=0 items=1 ppid=2013 pid=13010 auid=4294967295 uid=890 gid=890 euid=890 suid=890 fsuid=890 egid=890 sgid=890 fsgid=890 tty=(none) comm=\"pickup\" exe=\"/usr/libexec/postfix/pickup\" subj=system_u:system_r:postfix_pickup_t:s0 key=(null)",
    "record_type": "SYSCALL",
    "sequence": "293",
    "sgid": "890",
    "subj": "system_u:system_r:postfix_pickup_t:s0",
    "success": "no",
    "suid": "890",
    "syscall": "open",
    "tty": "(none)",
    "uid": "890"
  },
  {
    "@timestamp": "2007-01-28 21:58:13.977 +0000 UTC",
    "cwd": "/var/spool/postfix",
    "raw_msg": "audit(1170021493.977:293):  cwd=\"/var/spool/postfix\"",
    "record_type": "CWD",
    "sequence": "293"
  },
  {
    "@timestamp": "2007-01-28 21:58:13.977 +0000 UTC",
    "dev": "03:07",
    "inode": "14911367",
    "item": "0",
    "mode": "040730",
    "name": "maildrop",
    "obj": "system_u:object_r:postfix_spool_maildrop_t:s0",
    "ogid": "891",
    "ouid": "890",
    "raw_msg": "audit(1170021493.977:293): item=0 name=\"maildrop\" inode=14911367 dev=03:07 mode=040730 ouid=890 ogid=891 rdev=00:00 obj=system_u:object_r:postfix_spool_maildrop_t:s0",
    "rdev": "00:00",
    "record_type": "PATH",
    "sequence": "293"
  },
  {
    "@timestamp": "2007-01-28 22:00:01.34 +0000 UTC",
    "acct": "root :",
    "auid": "4294967295",
    "exe": "/usr/sbin/crond",
    "msg": "PAM: accounting",
    "pid": "13015",
    "raw_msg": "audit(1170021601.340:294): user pid=13015 uid=0 auid=4294967295 subj=system_u:system_r:crond_t:s0-s0:c0.c1023 msg='PAM: accounting acct=root : exe=\"/usr/sbin/crond\" hostname=? addr=? terminal=cron res=success'",
    "record_type": "USER_ACCT",
    "res": "success",
    "sequence": "294",
    "subj": "system_u:system_r:crond_t:s0-s0:c0.c1023",
    "terminal": "cron",
    "uid": "0"
  },
  {
    "@timestamp": "2007-01-28 22:00:01.342 +0000 UTC",
    "acct": "root :",
    "auid": "4294967295",
    "exe": "/usr/sbin/crond",
    "msg": "PAM: setcred",
    "pid": "13015",
    "raw_msg": "audit(1170021601.342:295): user pid=13015 uid=0 auid=4294967295 subj=system_u:system_r:crond_t:s0-s0:c0.c1023 msg='PAM: setcred acct=root : exe=\"/usr/sbin/crond\" hostname=? addr=? terminal=cron res=success'",
    "record_type": "CRED_ACQ",
    "res": "success",
    "sequence": "295",
    "subj": "system_u:system_r:crond_t:s0-s0:c0.c1023",
    "terminal": "cron",
    "uid": "0"
  },
  {
    "@timestamp": "2007-01-28 22:00:01.343 +0000 UTC",
    "new_auid": "0",
    "old_auid": "4294967295",
    "pid": "13015",
    "raw_msg": "audit(1170021601.343:296): login pid=13015 uid=0 old auid=4294967295 new auid=0",
    "record_type": "LOGIN",
    "sequence": "296",
    "uid": "0"
  },
  {
    "@timestamp": "2007-01-28 22:00:01.344 +0000 UTC",
    "acct": "root :",
    "auid": "0",
    "exe": "/usr/sbin/crond",
    "op": "PAM:session open",
    "pid": "13015",
    "raw_msg": "audit(1170021601.344:297): user pid=13015 uid=0 auid=0 subj=system_u:system_r:crond_t:s0-s0:c0.c1023 msg='PAM: session open acct=root : exe=\"/usr/sbin/crond\" (hostname=?, addr=?, terminal=cron res=success)'",
    "record_type": "USER_START",
    "res": "success",
    "sequence": "297",
    "subj": "system_u:system_r:crond_t:s0-s0:c0.c1023",
    "terminal": "cron",
    "uid": "0"
  },
  {
    "@timestamp": "2007-01-28 22:00:01.364 +0000 UTC",
    "acct": "root :",
    "auid": "0",
    "exe": "/usr/sbin/crond",
    "op": "PAM:setcred",
    "pid": "13015",
    "raw_msg": "audit(1170021601.364:298): user pid=13015 uid=0 auid=0 subj=system_u:system_r:crond_t:s0-s0:c0.c1023 msg='PAM: setcred acct=root : exe=\"/usr/sbin/crond\" (hostname=?, addr=?, terminal=cron res=success)'",
    "record_type": "CRED_DISP",
    "res": "success",
    "sequence": "298",
    "subj": "system_u:system_r:crond_t:s0-s0:c0.c1023",
    "terminal": "cron",
    "uid": "0"
  },
  {
    "@timestamp": "2007-01-28 22:00:01.366 +0000 UTC",
    "acct": "root :",
    "auid": "0",
    "exe": "/usr/sbin/crond",
    "op": "PAM:session close",
    "pid": "13015",
    "raw_msg": "audit(1170021601.366:299): user pid=13015 uid=0 auid=0 subj=system_u:system_r:crond_t:s0-s0:c0.c1023 msg='PAM: session close acct=root : exe=\"/usr/sbin/crond\" (hostname=?, addr=?, terminal=cron res=success)'",
    "record_type": "USER_END",
    "res": "success",
    "sequence": "299",
    "subj": "system_u:system_r:crond_t:s0-s0:c0.c1023",
    "terminal": "cron",
    "uid": "0"
  }
]
