[
  {
    "@timestamp": "2016-01-03T00:37:51.394Z",
    "record_type": "syscall",
    "sequence": 194435,
    "raw_msg": "audit(1451781471.394:194435): arch=c000003e syscall=23 success=yes exit=1 a0=c a1=56420184ade0 a2=564201867510 a3=0 items=0 ppid=1271 pid=1281 auid=1000 uid=1000 gid=1000 euid=1000 suid=1000 fsuid=1000 egid=1000 sgid=1000 fsgid=1000 tty=(none) ses=1 comm=\"sshd\" exe=\"/usr/sbin/sshd\" subj=unconfined_u:unconfined_r:unconfined_t:s0-s0:c0.c1023 key=(null)",
    "data": {
      "a0": "c",
      "a1": "56420184ade0",
      "a2": "564201867510",
      "a3": "0",
      "arch": "x86_64",
      "auid": "1000",
      "comm": "sshd",
      "egid": "1000",
      "euid": "1000",
      "exe": "/usr/sbin/sshd",
      "exit": "1",
      "fsgid": "1000",
      "fsuid": "1000",
      "gid": "1000",
      "items": "0",
      "pid": "1281",
      "ppid": "1271",
      "result": "success",
      "ses": "1",
      "sgid": "1000",
      "subj_category": "c0.c1023",
      "subj_domain": "unconfined_t",
      "subj_level": "s0-s0",
      "subj_role": "unconfined_r",
      "subj_user": "unconfined_u",
      "suid": "1000",
      "syscall": "select",
      "tty": "(none)",
      "uid": "1000"
    }
  },
  {
    "@timestamp": "2016-01-03T00:37:51.394Z",
    "record_type": "syscall",
    "sequence": 194433,
    "raw_msg": "audit(1451781471.394:194433): arch=c000003e syscall=13 success=yes exit=0 a0=b a1=7ffd42eb1590 a2=0 a3=8 items=0 ppid=1306 pid=1321 auid=1000 uid=0 gid=0 euid=0 suid=0 fsuid=0 egid=0 sgid=0 fsgid=0 tty=pts0 ses=1 comm=\"bash\" exe=\"/usr/bin/bash\" subj=unconfined_u:unconfined_r:unconfined_t:s0-s0:c0.c1023 key=(null)",
    "data": {
      "a0": "b",
      "a1": "7ffd42eb1590",
      "a2": "0",
      "a3": "8",
      "arch": "x86_64",
      "auid": "1000",
      "comm": "bash",
      "egid": "0",
      "euid": "0",
      "exe": "/usr/bin/bash",
      "exit": "0",
      "fsgid": "0",
      "fsuid": "0",
      "gid": "0",
      "items": "0",
      "pid": "1321",
      "ppid": "1306",
      "result": "success",
      "ses": "1",
      "sgid": "0",
      "subj_category": "c0.c1023",
      "subj_domain": "unconfined_t",
      "subj_level": "s0-s0",
      "subj_role": "unconfined_r",
      "subj_user": "unconfined_u",
      "suid": "0",
      "syscall": "rt_sigaction",
      "tty": "pts0",
      "uid": "0"
    }
  },
  {
    "@timestamp": "2016-01-03T00:37:51.394Z",
    "record_type": "proctitle",
    "sequence": 194433,
    "raw_msg": "audit(1451781471.394:194433): proctitle=\"bash\"",
    "data": {
      "proctitle": "bash"
    }
  },
  {
    "@timestamp": "2016-01-03T00:37:51.394Z",
    "record_type": "proctitle",
    "sequence": 194435,
    "raw_msg": "audit(1451781471.394:194435): proctitle=737368643A206275726E205B707269765D",
    "data": {
      "proctitle": "sshd: burn [priv]"
    }
  },
  {
    "@timestamp": "2016-01-03T00:37:51.394Z",
    "record_type": "syscall",
    "sequence": 194436,
    "raw_msg": "audit(1451781471.394:194436): arch=c000003e syscall=13 success=yes exit=0 a0=1f a1=7ffd42eb1590 a2=0 a3=8 items=0 ppid=1306 pid=1321 auid=1000 uid=0 gid=0 euid=0 suid=0 fsuid=0 egid=0 sgid=0 fsgid=0 tty=pts0 ses=1 comm=\"bash\" exe=\"/usr/bin/bash\" subj=unconfined_u:unconfined_r:unconfined_t:s0-s0:c0.c1023 key=(null)",
    "data": {
      "a0": "1f",
      "a1": "7ffd42eb1590",
      "a2": "0",
      "a3": "8",
      "arch": "x86_64",
      "auid": "1000",
      "comm": "bash",
      "egid": "0",
      "euid": "0",
      "exe": "/usr/bin/bash",
      "exit": "0",
      "fsgid": "0",
      "fsuid": "0",
      "gid": "0",
      "items": "0",
      "pid": "1321",
      "ppid": "1306",
      "result": "success",
      "ses": "1",
      "sgid": "0",
      "subj_category": "c0.c1023",
      "subj_domain": "unconfined_t",
      "subj_level": "s0-s0",
      "subj_role": "unconfined_r",
      "subj_user": "unconfined_u",
      "suid": "0",
      "syscall": "rt_sigaction",
      "tty": "pts0",
      "uid": "0"
    }
  },
  {
    "@timestamp": "2016-01-03T00:37:51.394Z",
    "record_type": "syscall",
    "sequence": 194437,
    "raw_msg": "audit(1451781471.394:194437): arch=c000003e syscall=14 success=yes exit=0 a0=0 a1=7ffdac6fe9a0 a2=7ffdac6fe920 a3=8 items=0 ppid=1271 pid=1281 auid=1000 uid=1000 gid=1000 euid=1000 suid=1000 fsuid=1000 egid=1000 sgid=1000 fsgid=1000 tty=(none) ses=1 comm=\"sshd\" exe=\"/usr/sbin/sshd\" subj=unconfined_u:unconfined_r:unconfined_t:s0-s0:c0.c1023 key=(null)",
    "data": {
      "a0": "0",
      "a1": "7ffdac6fe9a0",
      "a2": "7ffdac6fe920",
      "a3": "8",
      "arch": "x86_64",
      "auid": "1000",
      "comm": "sshd",
      "egid": "1000",
      "euid": "1000",
      "exe": "/usr/sbin/sshd",
      "exit": "0",
      "fsgid": "1000",
      "fsuid": "1000",
      "gid": "1000",
      "items": "0",
      "pid": "1281",
      "ppid": "1271",
      "result": "success",
      "ses": "1",
      "sgid": "1000",
      "subj_category": "c0.c1023",
      "subj_domain": "unconfined_t",
      "subj_level": "s0-s0",
      "subj_role": "unconfined_r",
      "subj_user": "unconfined_u",
      "suid": "1000",
      "syscall": "rt_sigprocmask",
      "tty": "(none)",
      "uid": "1000"
    }
  },
  {
    "@timestamp": "2016-01-03T00:37:51.394Z",
    "record_type": "proctitle",
    "sequence": 194436,
    "raw_msg": "audit(1451781471.394:194436): proctitle=\"bash\"",
    "data": {
      "proctitle": "bash"
    }
  },
  {
    "@timestamp": "2016-01-03T00:37:51.394Z",
    "record_type": "proctitle",
    "sequence": 194437,
    "raw_msg": "audit(1451781471.394:194437): proctitle=737368643A206275726E205B707269765D",
    "data": {
      "proctitle": "sshd: burn [priv]"
    }
  },
  {
    "@timestamp": "2016-01-03T00:37:51.394Z",
    "record_type": "syscall",
    "sequence": 194438,
    "raw_msg": "audit(1451781471.394:194438): arch=c000003e syscall=13 success=yes exit=0 a0=d a1=7ffd42eb1590 a2=0 a3=8 items=0 ppid=1306 pid=1321 auid=1000 uid=0 gid=0 euid=0 suid=0 fsuid=0 egid=0 sgid=0 fsgid=0 tty=pts0 ses=1 comm=\"bash\" exe=\"/usr/bin/bash\" subj=unconfined_u:unconfined_r:unconfined_t:s0-s0:c0.c1023 key=(null)",
    "data": {
      "a0": "d",
      "a1": "7ffd42eb1590",
      "a2": "0",
      "a3": "8",
      "arch": "x86_64",
      "auid": "1000",
      "comm": "bash",
      "egid": "0",
      "euid": "0",
      "exe": "/usr/bin/bash",
      "exit": "0",
      "fsgid": "0",
      "fsuid": "0",
      "gid": "0",
      "items": "0",
      "pid": "1321",
      "ppid": "1306",
      "result": "success",
      "ses": "1",
      "sgid": "0",
      "subj_category": "c0.c1023",
      "subj_domain": "unconfined_t",
      "subj_level": "s0-s0",
      "subj_role": "unconfined_r",
      "subj_user": "unconfined_u",
      "suid": "0",
      "syscall": "rt_sigaction",
      "tty": "pts0",
      "uid": "0"
    }
  },
  {
    "@timestamp": "2016-01-03T00:37:51.394Z",
    "record_type": "syscall",
    "sequence": 194439,
    "raw_msg": "audit(1451781471.394:194439): arch=c000003e syscall=14 success=yes exit=0 a0=2 a1=7ffdac6fe920 a2=0 a3=8 items=0 ppid=1271 pid=1281 auid=1000 uid=1000 gid=1000 euid=1000 suid=1000 fsuid=1000 egid=1000 sgid=1000 fsgid=1000 tty=(none) ses=1 comm=\"sshd\" exe=\"/usr/sbin/sshd\" subj=unconfined_u:unconfined_r:unconfined_t:s0-s0:c0.c1023 key=(null)",
    "data": {
      "a0": "2",
      "a1": "7ffdac6fe920",
      "a2": "0",
      "a3": "8",
      "arch": "x86_64",
      "auid": "1000",
      "comm": "sshd",
      "egid": "1000",
      "euid": "1000",
      "exe": "/usr/sbin/sshd",
      "exit": "0",
      "fsgid": "1000",
      "fsuid": "1000",
      "gid": "1000",
      "items": "0",
      "pid": "1281",
      "ppid": "1271",
      "result": "success",
      "ses": "1",
      "sgid": "1000",
      "subj_category": "c0.c1023",
      "subj_domain": "unconfined_t",
      "subj_level": "s0-s0",
      "subj_role": "unconfined_r",
      "subj_user": "unconfined_u",
      "suid": "1000",
      "syscall": "rt_sigprocmask",
      "tty": "(none)",
      "uid": "1000"
    }
  },
  {
    "@timestamp": "2016-01-03T00:37:51.394Z",
    "record_type": "proctitle",
    "sequence": 194439,
    "raw_msg": "audit(1451781471.394:194439): proctitle=737368643A206275726E205B707269765D",
    "data": {
      "proctitle": "sshd: burn [priv]"
    }
  },
  {
    "@timestamp": "2016-01-03T00:37:51.394Z",
    "record_type": "syscall",
    "sequence": 194440,
    "raw_msg": "audit(1451781471.394:194440): arch=c000003e syscall=228 success=yes exit=0 a0=7 a1=7ffdac6fe9c0 a2=564201867510 a3=8 items=0 ppid=1271 pid=1281 auid=1000 uid=1000 gid=1000 euid=1000 suid=1000 fsuid=1000 egid=1000 sgid=1000 fsgid=1000 tty=(none) ses=1 comm=\"sshd\" exe=\"/usr/sbin/sshd\" subj=unconfined_u:unconfined_r:unconfined_t:s0-s0:c0.c1023 key=(null)",
    "data": {
      "a0": "7",
      "a1": "7ffdac6fe9c0",
      "a2": "564201867510",
      "a3": "8",
      "arch": "x86_64",
      "auid": "1000",
      "comm": "sshd",
      "egid": "1000",
      "euid": "1000",
      "exe": "/usr/sbin/sshd",
      "exit": "0",
      "fsgid": "1000",
      "fsuid": "1000",
      "gid": "1000",
      "items": "0",
      "pid": "1281",
      "ppid": "1271",
      "result": "success",
      "ses": "1",
      "sgid": "1000",
      "subj_category": "c0.c1023",
      "subj_domain": "unconfined_t",
      "subj_level": "s0-s0",
      "subj_role": "unconfined_r",
      "subj_user": "unconfined_u",
      "suid": "1000",
      "syscall": "clock_gettime",
      "tty": "(none)",
      "uid": "1000"
    }
  },
  {
    "@timestamp": "2016-01-03T00:37:51.394Z",
    "record_type": "proctitle",
    "sequence": 194438,
    "raw_msg": "audit(1451781471.394:194438): proctitle=\"bash\"",
    "data": {
      "proctitle": "bash"
    }
  },
  {
    "@timestamp": "2016-01-03T00:37:51.394Z",
    "record_type": "proctitle",
    "sequence": 194440,
    "raw_msg": "audit(1451781471.394:194440): proctitle=737368643A206275726E205B707269765D",
    "data": {
      "proctitle": "sshd: burn [priv]"
    }
  },
  {
    "@timestamp": "2016-01-03T00:37:51.602Z",
    "record_type": "add_group",
    "sequence": 194894,
    "raw_msg": "audit(1451781471.602:194894): pid=1321 uid=0 auid=1000 ses=1 subj=unconfined_u:unconfined_r:unconfined_t:s0-s0:c0.c1023 msg='op=add-group acct=\"frodo\" exe=\"/usr/sbin/useradd\" hostname=? addr=? terminal=pts/0 res=success'",
    "data": {
      "acct": "frodo",
      "auid": "1000",
      "exe": "/usr/sbin/useradd",
      "op": "add-group",
      "pid": "1321",
      "result": "success",
      "ses": "1",
      "subj_category": "c0.c1023",
      "subj_domain": "unconfined_t",
      "subj_level": "s0-s0",
      "subj_role": "unconfined_r",
      "subj_user": "unconfined_u",
      "terminal": "pts/0",
      "uid": "0"
    }
  },
  {
    "@timestamp": "2017-10-06T15:40:39.922Z",
    "record_type": "execve",
    "sequence": 1865,
    "raw_msg": "audit(1507304439.922:1865): argc=5 a0=\"useradd\" a1=\"-u\" a2=\"3005\" a3=\"-m\" a4=\"trainer5\"",
    "data": {
      "a0": "useradd",
      "a1": "-u",
      "a2": "3005",
      "a3": "-m",
      "a4": "trainer5",
      "argc": "5"
    }
  }
]
